// Jest Snapshot v1, https://goo.gl/fbAQLP

exports[`Station Details Loading should render correctly 1`] = `
<div
  className="MuiGrid-root MuiGrid-container MuiGrid-spacing-xs-4 css-480o17-MuiGrid-root"
>
  <div
    className="MuiGrid-root MuiGrid-item MuiGrid-grid-xs-8 MuiGrid-grid-md-6 MuiGrid-grid-lg-6 css-wkfkmr-MuiGrid-root"
  >
    <span
      className="MuiSkeleton-root MuiSkeleton-text MuiSkeleton-pulse css-1kzild6-MuiSkeleton-root"
      style={
        Object {
          "height": undefined,
          "width": undefined,
        }
      }
    />
    <span
      className="MuiSkeleton-root MuiSkeleton-text MuiSkeleton-pulse css-1kzild6-MuiSkeleton-root"
      style={
        Object {
          "height": undefined,
          "width": undefined,
        }
      }
    />
    <span
      className="MuiSkeleton-root MuiSkeleton-text MuiSkeleton-pulse css-1kzild6-MuiSkeleton-root"
      style={
        Object {
          "height": undefined,
          "width": undefined,
        }
      }
    />
    <span
      className="MuiSkeleton-root MuiSkeleton-text MuiSkeleton-pulse css-1kzild6-MuiSkeleton-root"
      style={
        Object {
          "height": undefined,
          "width": undefined,
        }
      }
    />
    <span
      className="MuiSkeleton-root MuiSkeleton-text MuiSkeleton-pulse css-1kzild6-MuiSkeleton-root"
      style={
        Object {
          "height": undefined,
          "width": undefined,
        }
      }
    />
    <span
      className="MuiSkeleton-root MuiSkeleton-text MuiSkeleton-pulse css-1kzild6-MuiSkeleton-root"
      style={
        Object {
          "height": undefined,
          "width": undefined,
        }
      }
    />
    <span
      className="MuiSkeleton-root MuiSkeleton-text MuiSkeleton-pulse css-1kzild6-MuiSkeleton-root"
      style={
        Object {
          "height": undefined,
          "width": undefined,
        }
      }
    />
    <span
      className="MuiSkeleton-root MuiSkeleton-text MuiSkeleton-pulse css-1kzild6-MuiSkeleton-root"
      style={
        Object {
          "height": undefined,
          "width": undefined,
        }
      }
    />
  </div>
  <div
    className="MuiGrid-root MuiGrid-item MuiGrid-grid-xs-4 MuiGrid-grid-md-6 MuiGrid-grid-lg-6 css-kdp3n0-MuiGrid-root"
  >
    <span
      className="MuiSkeleton-root MuiSkeleton-text MuiSkeleton-pulse css-1kzild6-MuiSkeleton-root"
      style={
        Object {
          "height": undefined,
          "width": undefined,
        }
      }
    />
    <span
      className="MuiSkeleton-root MuiSkeleton-text MuiSkeleton-pulse css-1kzild6-MuiSkeleton-root"
      style={
        Object {
          "height": undefined,
          "width": undefined,
        }
      }
    />
    <span
      className="MuiSkeleton-root MuiSkeleton-text MuiSkeleton-pulse css-1kzild6-MuiSkeleton-root"
      style={
        Object {
          "height": undefined,
          "width": undefined,
        }
      }
    />
    <span
      className="MuiSkeleton-root MuiSkeleton-text MuiSkeleton-pulse css-1kzild6-MuiSkeleton-root"
      style={
        Object {
          "height": undefined,
          "width": undefined,
        }
      }
    />
    <span
      className="MuiSkeleton-root MuiSkeleton-text MuiSkeleton-pulse css-1kzild6-MuiSkeleton-root"
      style={
        Object {
          "height": undefined,
          "width": undefined,
        }
      }
    />
    <span
      className="MuiSkeleton-root MuiSkeleton-text MuiSkeleton-pulse css-1kzild6-MuiSkeleton-root"
      style={
        Object {
          "height": undefined,
          "width": undefined,
        }
      }
    />
    <span
      className="MuiSkeleton-root MuiSkeleton-text MuiSkeleton-pulse css-1kzild6-MuiSkeleton-root"
      style={
        Object {
          "height": undefined,
          "width": undefined,
        }
      }
    />
    <span
      className="MuiSkeleton-root MuiSkeleton-text MuiSkeleton-pulse css-1kzild6-MuiSkeleton-root"
      style={
        Object {
          "height": undefined,
          "width": undefined,
        }
      }
    />
  </div>
</div>
`;
