// Jest Snapshot v1, https://goo.gl/fbAQLP

exports[`Station Test Suite should render Station component 1`] = `
<div
  className="MuiContainer-root MuiContainer-maxWidthLg css-1oqqzyl-MuiContainer-root"
>
  <div
    className="station-page"
  >
    <div
      className="station-page--search-section"
    >
      <form
        action=""
        onSubmit={[Function]}
      >
        <div
          className="station-page--search-section--div"
        >
          <input
            onBlur={[Function]}
            onChange={[Function]}
            placeholder="search by station name"
            type="search"
          />
          <button
            type="submit"
          >
            <i
              className="fa-solid fa-magnifying-glass"
            />
          </button>
        </div>
      </form>
    </div>
    <div
      className="css-1macvdz-MuiStack-root"
    >
      <h5
        className="MuiTypography-root MuiTypography-h5 MuiTypography-gutterBottom css-h93ljk-MuiTypography-root"
      >
        Stations
      </h5>
    </div>
    <div
      className="MuiGrid-root MuiGrid-container MuiGrid-spacing-xs-2 css-mhc70k-MuiGrid-root"
    >
      <div
        className="MuiGrid-root MuiGrid-item MuiGrid-grid-xs-8 MuiGrid-grid-md-6 MuiGrid-grid-lg-3 css-guwrxw-MuiGrid-root"
      >
        <div
          className="MuiPaper-root MuiPaper-elevation MuiPaper-rounded MuiPaper-elevation1 MuiCard-root css-bhp9pd-MuiPaper-root-MuiCard-root"
          style={
            Object {
              "padding": "1rem",
            }
          }
        >
          <span
            className="MuiSkeleton-root MuiSkeleton-text MuiSkeleton-pulse css-19vxxfm-MuiSkeleton-root"
            style={
              Object {
                "height": undefined,
                "width": undefined,
              }
            }
          />
          <span
            className="MuiSkeleton-root MuiSkeleton-text MuiSkeleton-pulse css-19vxxfm-MuiSkeleton-root"
            style={
              Object {
                "height": undefined,
                "width": undefined,
              }
            }
          />
          <span
            className="MuiSkeleton-root MuiSkeleton-text MuiSkeleton-pulse css-19vxxfm-MuiSkeleton-root"
            style={
              Object {
                "height": undefined,
                "width": undefined,
              }
            }
          />
        </div>
      </div>
      <div
        className="MuiGrid-root MuiGrid-item MuiGrid-grid-xs-8 MuiGrid-grid-md-6 MuiGrid-grid-lg-3 css-guwrxw-MuiGrid-root"
      >
        <div
          className="MuiPaper-root MuiPaper-elevation MuiPaper-rounded MuiPaper-elevation1 MuiCard-root css-bhp9pd-MuiPaper-root-MuiCard-root"
          style={
            Object {
              "padding": "1rem",
            }
          }
        >
          <span
            className="MuiSkeleton-root MuiSkeleton-text MuiSkeleton-pulse css-19vxxfm-MuiSkeleton-root"
            style={
              Object {
                "height": undefined,
                "width": undefined,
              }
            }
          />
          <span
            className="MuiSkeleton-root MuiSkeleton-text MuiSkeleton-pulse css-19vxxfm-MuiSkeleton-root"
            style={
              Object {
                "height": undefined,
                "width": undefined,
              }
            }
          />
          <span
            className="MuiSkeleton-root MuiSkeleton-text MuiSkeleton-pulse css-19vxxfm-MuiSkeleton-root"
            style={
              Object {
                "height": undefined,
                "width": undefined,
              }
            }
          />
        </div>
      </div>
      <div
        className="MuiGrid-root MuiGrid-item MuiGrid-grid-xs-8 MuiGrid-grid-md-6 MuiGrid-grid-lg-3 css-guwrxw-MuiGrid-root"
      >
        <div
          className="MuiPaper-root MuiPaper-elevation MuiPaper-rounded MuiPaper-elevation1 MuiCard-root css-bhp9pd-MuiPaper-root-MuiCard-root"
          style={
            Object {
              "padding": "1rem",
            }
          }
        >
          <span
            className="MuiSkeleton-root MuiSkeleton-text MuiSkeleton-pulse css-19vxxfm-MuiSkeleton-root"
            style={
              Object {
                "height": undefined,
                "width": undefined,
              }
            }
          />
          <span
            className="MuiSkeleton-root MuiSkeleton-text MuiSkeleton-pulse css-19vxxfm-MuiSkeleton-root"
            style={
              Object {
                "height": undefined,
                "width": undefined,
              }
            }
          />
          <span
            className="MuiSkeleton-root MuiSkeleton-text MuiSkeleton-pulse css-19vxxfm-MuiSkeleton-root"
            style={
              Object {
                "height": undefined,
                "width": undefined,
              }
            }
          />
        </div>
      </div>
      <div
        className="MuiGrid-root MuiGrid-item MuiGrid-grid-xs-8 MuiGrid-grid-md-6 MuiGrid-grid-lg-3 css-guwrxw-MuiGrid-root"
      >
        <div
          className="MuiPaper-root MuiPaper-elevation MuiPaper-rounded MuiPaper-elevation1 MuiCard-root css-bhp9pd-MuiPaper-root-MuiCard-root"
          style={
            Object {
              "padding": "1rem",
            }
          }
        >
          <span
            className="MuiSkeleton-root MuiSkeleton-text MuiSkeleton-pulse css-19vxxfm-MuiSkeleton-root"
            style={
              Object {
                "height": undefined,
                "width": undefined,
              }
            }
          />
          <span
            className="MuiSkeleton-root MuiSkeleton-text MuiSkeleton-pulse css-19vxxfm-MuiSkeleton-root"
            style={
              Object {
                "height": undefined,
                "width": undefined,
              }
            }
          />
          <span
            className="MuiSkeleton-root MuiSkeleton-text MuiSkeleton-pulse css-19vxxfm-MuiSkeleton-root"
            style={
              Object {
                "height": undefined,
                "width": undefined,
              }
            }
          />
        </div>
      </div>
      <div
        className="MuiGrid-root MuiGrid-item MuiGrid-grid-xs-8 MuiGrid-grid-md-6 MuiGrid-grid-lg-3 css-guwrxw-MuiGrid-root"
      >
        <div
          className="MuiPaper-root MuiPaper-elevation MuiPaper-rounded MuiPaper-elevation1 MuiCard-root css-bhp9pd-MuiPaper-root-MuiCard-root"
          style={
            Object {
              "padding": "1rem",
            }
          }
        >
          <span
            className="MuiSkeleton-root MuiSkeleton-text MuiSkeleton-pulse css-19vxxfm-MuiSkeleton-root"
            style={
              Object {
                "height": undefined,
                "width": undefined,
              }
            }
          />
          <span
            className="MuiSkeleton-root MuiSkeleton-text MuiSkeleton-pulse css-19vxxfm-MuiSkeleton-root"
            style={
              Object {
                "height": undefined,
                "width": undefined,
              }
            }
          />
          <span
            className="MuiSkeleton-root MuiSkeleton-text MuiSkeleton-pulse css-19vxxfm-MuiSkeleton-root"
            style={
              Object {
                "height": undefined,
                "width": undefined,
              }
            }
          />
        </div>
      </div>
      <div
        className="MuiGrid-root MuiGrid-item MuiGrid-grid-xs-8 MuiGrid-grid-md-6 MuiGrid-grid-lg-3 css-guwrxw-MuiGrid-root"
      >
        <div
          className="MuiPaper-root MuiPaper-elevation MuiPaper-rounded MuiPaper-elevation1 MuiCard-root css-bhp9pd-MuiPaper-root-MuiCard-root"
          style={
            Object {
              "padding": "1rem",
            }
          }
        >
          <span
            className="MuiSkeleton-root MuiSkeleton-text MuiSkeleton-pulse css-19vxxfm-MuiSkeleton-root"
            style={
              Object {
                "height": undefined,
                "width": undefined,
              }
            }
          />
          <span
            className="MuiSkeleton-root MuiSkeleton-text MuiSkeleton-pulse css-19vxxfm-MuiSkeleton-root"
            style={
              Object {
                "height": undefined,
                "width": undefined,
              }
            }
          />
          <span
            className="MuiSkeleton-root MuiSkeleton-text MuiSkeleton-pulse css-19vxxfm-MuiSkeleton-root"
            style={
              Object {
                "height": undefined,
                "width": undefined,
              }
            }
          />
        </div>
      </div>
      <div
        className="MuiGrid-root MuiGrid-item MuiGrid-grid-xs-8 MuiGrid-grid-md-6 MuiGrid-grid-lg-3 css-guwrxw-MuiGrid-root"
      >
        <div
          className="MuiPaper-root MuiPaper-elevation MuiPaper-rounded MuiPaper-elevation1 MuiCard-root css-bhp9pd-MuiPaper-root-MuiCard-root"
          style={
            Object {
              "padding": "1rem",
            }
          }
        >
          <span
            className="MuiSkeleton-root MuiSkeleton-text MuiSkeleton-pulse css-19vxxfm-MuiSkeleton-root"
            style={
              Object {
                "height": undefined,
                "width": undefined,
              }
            }
          />
          <span
            className="MuiSkeleton-root MuiSkeleton-text MuiSkeleton-pulse css-19vxxfm-MuiSkeleton-root"
            style={
              Object {
                "height": undefined,
                "width": undefined,
              }
            }
          />
          <span
            className="MuiSkeleton-root MuiSkeleton-text MuiSkeleton-pulse css-19vxxfm-MuiSkeleton-root"
            style={
              Object {
                "height": undefined,
                "width": undefined,
              }
            }
          />
        </div>
      </div>
      <div
        className="MuiGrid-root MuiGrid-item MuiGrid-grid-xs-8 MuiGrid-grid-md-6 MuiGrid-grid-lg-3 css-guwrxw-MuiGrid-root"
      >
        <div
          className="MuiPaper-root MuiPaper-elevation MuiPaper-rounded MuiPaper-elevation1 MuiCard-root css-bhp9pd-MuiPaper-root-MuiCard-root"
          style={
            Object {
              "padding": "1rem",
            }
          }
        >
          <span
            className="MuiSkeleton-root MuiSkeleton-text MuiSkeleton-pulse css-19vxxfm-MuiSkeleton-root"
            style={
              Object {
                "height": undefined,
                "width": undefined,
              }
            }
          />
          <span
            className="MuiSkeleton-root MuiSkeleton-text MuiSkeleton-pulse css-19vxxfm-MuiSkeleton-root"
            style={
              Object {
                "height": undefined,
                "width": undefined,
              }
            }
          />
          <span
            className="MuiSkeleton-root MuiSkeleton-text MuiSkeleton-pulse css-19vxxfm-MuiSkeleton-root"
            style={
              Object {
                "height": undefined,
                "width": undefined,
              }
            }
          />
        </div>
      </div>
      <div
        className="MuiGrid-root MuiGrid-item MuiGrid-grid-xs-8 MuiGrid-grid-md-6 MuiGrid-grid-lg-3 css-guwrxw-MuiGrid-root"
      >
        <div
          className="MuiPaper-root MuiPaper-elevation MuiPaper-rounded MuiPaper-elevation1 MuiCard-root css-bhp9pd-MuiPaper-root-MuiCard-root"
          style={
            Object {
              "padding": "1rem",
            }
          }
        >
          <span
            className="MuiSkeleton-root MuiSkeleton-text MuiSkeleton-pulse css-19vxxfm-MuiSkeleton-root"
            style={
              Object {
                "height": undefined,
                "width": undefined,
              }
            }
          />
          <span
            className="MuiSkeleton-root MuiSkeleton-text MuiSkeleton-pulse css-19vxxfm-MuiSkeleton-root"
            style={
              Object {
                "height": undefined,
                "width": undefined,
              }
            }
          />
          <span
            className="MuiSkeleton-root MuiSkeleton-text MuiSkeleton-pulse css-19vxxfm-MuiSkeleton-root"
            style={
              Object {
                "height": undefined,
                "width": undefined,
              }
            }
          />
        </div>
      </div>
      <div
        className="MuiGrid-root MuiGrid-item MuiGrid-grid-xs-8 MuiGrid-grid-md-6 MuiGrid-grid-lg-3 css-guwrxw-MuiGrid-root"
      >
        <div
          className="MuiPaper-root MuiPaper-elevation MuiPaper-rounded MuiPaper-elevation1 MuiCard-root css-bhp9pd-MuiPaper-root-MuiCard-root"
          style={
            Object {
              "padding": "1rem",
            }
          }
        >
          <span
            className="MuiSkeleton-root MuiSkeleton-text MuiSkeleton-pulse css-19vxxfm-MuiSkeleton-root"
            style={
              Object {
                "height": undefined,
                "width": undefined,
              }
            }
          />
          <span
            className="MuiSkeleton-root MuiSkeleton-text MuiSkeleton-pulse css-19vxxfm-MuiSkeleton-root"
            style={
              Object {
                "height": undefined,
                "width": undefined,
              }
            }
          />
          <span
            className="MuiSkeleton-root MuiSkeleton-text MuiSkeleton-pulse css-19vxxfm-MuiSkeleton-root"
            style={
              Object {
                "height": undefined,
                "width": undefined,
              }
            }
          />
        </div>
      </div>
      <div
        className="MuiGrid-root MuiGrid-item MuiGrid-grid-xs-8 MuiGrid-grid-md-6 MuiGrid-grid-lg-3 css-guwrxw-MuiGrid-root"
      >
        <div
          className="MuiPaper-root MuiPaper-elevation MuiPaper-rounded MuiPaper-elevation1 MuiCard-root css-bhp9pd-MuiPaper-root-MuiCard-root"
          style={
            Object {
              "padding": "1rem",
            }
          }
        >
          <span
            className="MuiSkeleton-root MuiSkeleton-text MuiSkeleton-pulse css-19vxxfm-MuiSkeleton-root"
            style={
              Object {
                "height": undefined,
                "width": undefined,
              }
            }
          />
          <span
            className="MuiSkeleton-root MuiSkeleton-text MuiSkeleton-pulse css-19vxxfm-MuiSkeleton-root"
            style={
              Object {
                "height": undefined,
                "width": undefined,
              }
            }
          />
          <span
            className="MuiSkeleton-root MuiSkeleton-text MuiSkeleton-pulse css-19vxxfm-MuiSkeleton-root"
            style={
              Object {
                "height": undefined,
                "width": undefined,
              }
            }
          />
        </div>
      </div>
      <div
        className="MuiGrid-root MuiGrid-item MuiGrid-grid-xs-8 MuiGrid-grid-md-6 MuiGrid-grid-lg-3 css-guwrxw-MuiGrid-root"
      >
        <div
          className="MuiPaper-root MuiPaper-elevation MuiPaper-rounded MuiPaper-elevation1 MuiCard-root css-bhp9pd-MuiPaper-root-MuiCard-root"
          style={
            Object {
              "padding": "1rem",
            }
          }
        >
          <span
            className="MuiSkeleton-root MuiSkeleton-text MuiSkeleton-pulse css-19vxxfm-MuiSkeleton-root"
            style={
              Object {
                "height": undefined,
                "width": undefined,
              }
            }
          />
          <span
            className="MuiSkeleton-root MuiSkeleton-text MuiSkeleton-pulse css-19vxxfm-MuiSkeleton-root"
            style={
              Object {
                "height": undefined,
                "width": undefined,
              }
            }
          />
          <span
            className="MuiSkeleton-root MuiSkeleton-text MuiSkeleton-pulse css-19vxxfm-MuiSkeleton-root"
            style={
              Object {
                "height": undefined,
                "width": undefined,
              }
            }
          />
        </div>
      </div>
      <div
        className="MuiGrid-root MuiGrid-item MuiGrid-grid-xs-8 MuiGrid-grid-md-6 MuiGrid-grid-lg-3 css-guwrxw-MuiGrid-root"
      >
        <div
          className="MuiPaper-root MuiPaper-elevation MuiPaper-rounded MuiPaper-elevation1 MuiCard-root css-bhp9pd-MuiPaper-root-MuiCard-root"
          style={
            Object {
              "padding": "1rem",
            }
          }
        >
          <span
            className="MuiSkeleton-root MuiSkeleton-text MuiSkeleton-pulse css-19vxxfm-MuiSkeleton-root"
            style={
              Object {
                "height": undefined,
                "width": undefined,
              }
            }
          />
          <span
            className="MuiSkeleton-root MuiSkeleton-text MuiSkeleton-pulse css-19vxxfm-MuiSkeleton-root"
            style={
              Object {
                "height": undefined,
                "width": undefined,
              }
            }
          />
          <span
            className="MuiSkeleton-root MuiSkeleton-text MuiSkeleton-pulse css-19vxxfm-MuiSkeleton-root"
            style={
              Object {
                "height": undefined,
                "width": undefined,
              }
            }
          />
        </div>
      </div>
      <div
        className="MuiGrid-root MuiGrid-item MuiGrid-grid-xs-8 MuiGrid-grid-md-6 MuiGrid-grid-lg-3 css-guwrxw-MuiGrid-root"
      >
        <div
          className="MuiPaper-root MuiPaper-elevation MuiPaper-rounded MuiPaper-elevation1 MuiCard-root css-bhp9pd-MuiPaper-root-MuiCard-root"
          style={
            Object {
              "padding": "1rem",
            }
          }
        >
          <span
            className="MuiSkeleton-root MuiSkeleton-text MuiSkeleton-pulse css-19vxxfm-MuiSkeleton-root"
            style={
              Object {
                "height": undefined,
                "width": undefined,
              }
            }
          />
          <span
            className="MuiSkeleton-root MuiSkeleton-text MuiSkeleton-pulse css-19vxxfm-MuiSkeleton-root"
            style={
              Object {
                "height": undefined,
                "width": undefined,
              }
            }
          />
          <span
            className="MuiSkeleton-root MuiSkeleton-text MuiSkeleton-pulse css-19vxxfm-MuiSkeleton-root"
            style={
              Object {
                "height": undefined,
                "width": undefined,
              }
            }
          />
        </div>
      </div>
      <div
        className="MuiGrid-root MuiGrid-item MuiGrid-grid-xs-8 MuiGrid-grid-md-6 MuiGrid-grid-lg-3 css-guwrxw-MuiGrid-root"
      >
        <div
          className="MuiPaper-root MuiPaper-elevation MuiPaper-rounded MuiPaper-elevation1 MuiCard-root css-bhp9pd-MuiPaper-root-MuiCard-root"
          style={
            Object {
              "padding": "1rem",
            }
          }
        >
          <span
            className="MuiSkeleton-root MuiSkeleton-text MuiSkeleton-pulse css-19vxxfm-MuiSkeleton-root"
            style={
              Object {
                "height": undefined,
                "width": undefined,
              }
            }
          />
          <span
            className="MuiSkeleton-root MuiSkeleton-text MuiSkeleton-pulse css-19vxxfm-MuiSkeleton-root"
            style={
              Object {
                "height": undefined,
                "width": undefined,
              }
            }
          />
          <span
            className="MuiSkeleton-root MuiSkeleton-text MuiSkeleton-pulse css-19vxxfm-MuiSkeleton-root"
            style={
              Object {
                "height": undefined,
                "width": undefined,
              }
            }
          />
        </div>
      </div>
      <div
        className="MuiGrid-root MuiGrid-item MuiGrid-grid-xs-8 MuiGrid-grid-md-6 MuiGrid-grid-lg-3 css-guwrxw-MuiGrid-root"
      >
        <div
          className="MuiPaper-root MuiPaper-elevation MuiPaper-rounded MuiPaper-elevation1 MuiCard-root css-bhp9pd-MuiPaper-root-MuiCard-root"
          style={
            Object {
              "padding": "1rem",
            }
          }
        >
          <span
            className="MuiSkeleton-root MuiSkeleton-text MuiSkeleton-pulse css-19vxxfm-MuiSkeleton-root"
            style={
              Object {
                "height": undefined,
                "width": undefined,
              }
            }
          />
          <span
            className="MuiSkeleton-root MuiSkeleton-text MuiSkeleton-pulse css-19vxxfm-MuiSkeleton-root"
            style={
              Object {
                "height": undefined,
                "width": undefined,
              }
            }
          />
          <span
            className="MuiSkeleton-root MuiSkeleton-text MuiSkeleton-pulse css-19vxxfm-MuiSkeleton-root"
            style={
              Object {
                "height": undefined,
                "width": undefined,
              }
            }
          />
        </div>
      </div>
      <div
        className="MuiGrid-root MuiGrid-item MuiGrid-grid-xs-8 MuiGrid-grid-md-6 MuiGrid-grid-lg-3 css-guwrxw-MuiGrid-root"
      >
        <div
          className="MuiPaper-root MuiPaper-elevation MuiPaper-rounded MuiPaper-elevation1 MuiCard-root css-bhp9pd-MuiPaper-root-MuiCard-root"
          style={
            Object {
              "padding": "1rem",
            }
          }
        >
          <span
            className="MuiSkeleton-root MuiSkeleton-text MuiSkeleton-pulse css-19vxxfm-MuiSkeleton-root"
            style={
              Object {
                "height": undefined,
                "width": undefined,
              }
            }
          />
          <span
            className="MuiSkeleton-root MuiSkeleton-text MuiSkeleton-pulse css-19vxxfm-MuiSkeleton-root"
            style={
              Object {
                "height": undefined,
                "width": undefined,
              }
            }
          />
          <span
            className="MuiSkeleton-root MuiSkeleton-text MuiSkeleton-pulse css-19vxxfm-MuiSkeleton-root"
            style={
              Object {
                "height": undefined,
                "width": undefined,
              }
            }
          />
        </div>
      </div>
      <div
        className="MuiGrid-root MuiGrid-item MuiGrid-grid-xs-8 MuiGrid-grid-md-6 MuiGrid-grid-lg-3 css-guwrxw-MuiGrid-root"
      >
        <div
          className="MuiPaper-root MuiPaper-elevation MuiPaper-rounded MuiPaper-elevation1 MuiCard-root css-bhp9pd-MuiPaper-root-MuiCard-root"
          style={
            Object {
              "padding": "1rem",
            }
          }
        >
          <span
            className="MuiSkeleton-root MuiSkeleton-text MuiSkeleton-pulse css-19vxxfm-MuiSkeleton-root"
            style={
              Object {
                "height": undefined,
                "width": undefined,
              }
            }
          />
          <span
            className="MuiSkeleton-root MuiSkeleton-text MuiSkeleton-pulse css-19vxxfm-MuiSkeleton-root"
            style={
              Object {
                "height": undefined,
                "width": undefined,
              }
            }
          />
          <span
            className="MuiSkeleton-root MuiSkeleton-text MuiSkeleton-pulse css-19vxxfm-MuiSkeleton-root"
            style={
              Object {
                "height": undefined,
                "width": undefined,
              }
            }
          />
        </div>
      </div>
      <div
        className="MuiGrid-root MuiGrid-item MuiGrid-grid-xs-8 MuiGrid-grid-md-6 MuiGrid-grid-lg-3 css-guwrxw-MuiGrid-root"
      >
        <div
          className="MuiPaper-root MuiPaper-elevation MuiPaper-rounded MuiPaper-elevation1 MuiCard-root css-bhp9pd-MuiPaper-root-MuiCard-root"
          style={
            Object {
              "padding": "1rem",
            }
          }
        >
          <span
            className="MuiSkeleton-root MuiSkeleton-text MuiSkeleton-pulse css-19vxxfm-MuiSkeleton-root"
            style={
              Object {
                "height": undefined,
                "width": undefined,
              }
            }
          />
          <span
            className="MuiSkeleton-root MuiSkeleton-text MuiSkeleton-pulse css-19vxxfm-MuiSkeleton-root"
            style={
              Object {
                "height": undefined,
                "width": undefined,
              }
            }
          />
          <span
            className="MuiSkeleton-root MuiSkeleton-text MuiSkeleton-pulse css-19vxxfm-MuiSkeleton-root"
            style={
              Object {
                "height": undefined,
                "width": undefined,
              }
            }
          />
        </div>
      </div>
      <div
        className="MuiGrid-root MuiGrid-item MuiGrid-grid-xs-8 MuiGrid-grid-md-6 MuiGrid-grid-lg-3 css-guwrxw-MuiGrid-root"
      >
        <div
          className="MuiPaper-root MuiPaper-elevation MuiPaper-rounded MuiPaper-elevation1 MuiCard-root css-bhp9pd-MuiPaper-root-MuiCard-root"
          style={
            Object {
              "padding": "1rem",
            }
          }
        >
          <span
            className="MuiSkeleton-root MuiSkeleton-text MuiSkeleton-pulse css-19vxxfm-MuiSkeleton-root"
            style={
              Object {
                "height": undefined,
                "width": undefined,
              }
            }
          />
          <span
            className="MuiSkeleton-root MuiSkeleton-text MuiSkeleton-pulse css-19vxxfm-MuiSkeleton-root"
            style={
              Object {
                "height": undefined,
                "width": undefined,
              }
            }
          />
          <span
            className="MuiSkeleton-root MuiSkeleton-text MuiSkeleton-pulse css-19vxxfm-MuiSkeleton-root"
            style={
              Object {
                "height": undefined,
                "width": undefined,
              }
            }
          />
        </div>
      </div>
      <div
        className="MuiGrid-root MuiGrid-item MuiGrid-grid-xs-8 MuiGrid-grid-md-6 MuiGrid-grid-lg-3 css-guwrxw-MuiGrid-root"
      >
        <div
          className="MuiPaper-root MuiPaper-elevation MuiPaper-rounded MuiPaper-elevation1 MuiCard-root css-bhp9pd-MuiPaper-root-MuiCard-root"
          style={
            Object {
              "padding": "1rem",
            }
          }
        >
          <span
            className="MuiSkeleton-root MuiSkeleton-text MuiSkeleton-pulse css-19vxxfm-MuiSkeleton-root"
            style={
              Object {
                "height": undefined,
                "width": undefined,
              }
            }
          />
          <span
            className="MuiSkeleton-root MuiSkeleton-text MuiSkeleton-pulse css-19vxxfm-MuiSkeleton-root"
            style={
              Object {
                "height": undefined,
                "width": undefined,
              }
            }
          />
          <span
            className="MuiSkeleton-root MuiSkeleton-text MuiSkeleton-pulse css-19vxxfm-MuiSkeleton-root"
            style={
              Object {
                "height": undefined,
                "width": undefined,
              }
            }
          />
        </div>
      </div>
      <div
        className="MuiGrid-root MuiGrid-item MuiGrid-grid-xs-8 MuiGrid-grid-md-6 MuiGrid-grid-lg-3 css-guwrxw-MuiGrid-root"
      >
        <div
          className="MuiPaper-root MuiPaper-elevation MuiPaper-rounded MuiPaper-elevation1 MuiCard-root css-bhp9pd-MuiPaper-root-MuiCard-root"
          style={
            Object {
              "padding": "1rem",
            }
          }
        >
          <span
            className="MuiSkeleton-root MuiSkeleton-text MuiSkeleton-pulse css-19vxxfm-MuiSkeleton-root"
            style={
              Object {
                "height": undefined,
                "width": undefined,
              }
            }
          />
          <span
            className="MuiSkeleton-root MuiSkeleton-text MuiSkeleton-pulse css-19vxxfm-MuiSkeleton-root"
            style={
              Object {
                "height": undefined,
                "width": undefined,
              }
            }
          />
          <span
            className="MuiSkeleton-root MuiSkeleton-text MuiSkeleton-pulse css-19vxxfm-MuiSkeleton-root"
            style={
              Object {
                "height": undefined,
                "width": undefined,
              }
            }
          />
        </div>
      </div>
      <div
        className="MuiGrid-root MuiGrid-item MuiGrid-grid-xs-8 MuiGrid-grid-md-6 MuiGrid-grid-lg-3 css-guwrxw-MuiGrid-root"
      >
        <div
          className="MuiPaper-root MuiPaper-elevation MuiPaper-rounded MuiPaper-elevation1 MuiCard-root css-bhp9pd-MuiPaper-root-MuiCard-root"
          style={
            Object {
              "padding": "1rem",
            }
          }
        >
          <span
            className="MuiSkeleton-root MuiSkeleton-text MuiSkeleton-pulse css-19vxxfm-MuiSkeleton-root"
            style={
              Object {
                "height": undefined,
                "width": undefined,
              }
            }
          />
          <span
            className="MuiSkeleton-root MuiSkeleton-text MuiSkeleton-pulse css-19vxxfm-MuiSkeleton-root"
            style={
              Object {
                "height": undefined,
                "width": undefined,
              }
            }
          />
          <span
            className="MuiSkeleton-root MuiSkeleton-text MuiSkeleton-pulse css-19vxxfm-MuiSkeleton-root"
            style={
              Object {
                "height": undefined,
                "width": undefined,
              }
            }
          />
        </div>
      </div>
      <div
        className="MuiGrid-root MuiGrid-item MuiGrid-grid-xs-8 MuiGrid-grid-md-6 MuiGrid-grid-lg-3 css-guwrxw-MuiGrid-root"
      >
        <div
          className="MuiPaper-root MuiPaper-elevation MuiPaper-rounded MuiPaper-elevation1 MuiCard-root css-bhp9pd-MuiPaper-root-MuiCard-root"
          style={
            Object {
              "padding": "1rem",
            }
          }
        >
          <span
            className="MuiSkeleton-root MuiSkeleton-text MuiSkeleton-pulse css-19vxxfm-MuiSkeleton-root"
            style={
              Object {
                "height": undefined,
                "width": undefined,
              }
            }
          />
          <span
            className="MuiSkeleton-root MuiSkeleton-text MuiSkeleton-pulse css-19vxxfm-MuiSkeleton-root"
            style={
              Object {
                "height": undefined,
                "width": undefined,
              }
            }
          />
          <span
            className="MuiSkeleton-root MuiSkeleton-text MuiSkeleton-pulse css-19vxxfm-MuiSkeleton-root"
            style={
              Object {
                "height": undefined,
                "width": undefined,
              }
            }
          />
        </div>
      </div>
      <div
        className="MuiGrid-root MuiGrid-item MuiGrid-grid-xs-8 MuiGrid-grid-md-6 MuiGrid-grid-lg-3 css-guwrxw-MuiGrid-root"
      >
        <div
          className="MuiPaper-root MuiPaper-elevation MuiPaper-rounded MuiPaper-elevation1 MuiCard-root css-bhp9pd-MuiPaper-root-MuiCard-root"
          style={
            Object {
              "padding": "1rem",
            }
          }
        >
          <span
            className="MuiSkeleton-root MuiSkeleton-text MuiSkeleton-pulse css-19vxxfm-MuiSkeleton-root"
            style={
              Object {
                "height": undefined,
                "width": undefined,
              }
            }
          />
          <span
            className="MuiSkeleton-root MuiSkeleton-text MuiSkeleton-pulse css-19vxxfm-MuiSkeleton-root"
            style={
              Object {
                "height": undefined,
                "width": undefined,
              }
            }
          />
          <span
            className="MuiSkeleton-root MuiSkeleton-text MuiSkeleton-pulse css-19vxxfm-MuiSkeleton-root"
            style={
              Object {
                "height": undefined,
                "width": undefined,
              }
            }
          />
        </div>
      </div>
      <div
        className="MuiGrid-root MuiGrid-item MuiGrid-grid-xs-8 MuiGrid-grid-md-6 MuiGrid-grid-lg-3 css-guwrxw-MuiGrid-root"
      >
        <div
          className="MuiPaper-root MuiPaper-elevation MuiPaper-rounded MuiPaper-elevation1 MuiCard-root css-bhp9pd-MuiPaper-root-MuiCard-root"
          style={
            Object {
              "padding": "1rem",
            }
          }
        >
          <span
            className="MuiSkeleton-root MuiSkeleton-text MuiSkeleton-pulse css-19vxxfm-MuiSkeleton-root"
            style={
              Object {
                "height": undefined,
                "width": undefined,
              }
            }
          />
          <span
            className="MuiSkeleton-root MuiSkeleton-text MuiSkeleton-pulse css-19vxxfm-MuiSkeleton-root"
            style={
              Object {
                "height": undefined,
                "width": undefined,
              }
            }
          />
          <span
            className="MuiSkeleton-root MuiSkeleton-text MuiSkeleton-pulse css-19vxxfm-MuiSkeleton-root"
            style={
              Object {
                "height": undefined,
                "width": undefined,
              }
            }
          />
        </div>
      </div>
      <div
        className="MuiGrid-root MuiGrid-item MuiGrid-grid-xs-8 MuiGrid-grid-md-6 MuiGrid-grid-lg-3 css-guwrxw-MuiGrid-root"
      >
        <div
          className="MuiPaper-root MuiPaper-elevation MuiPaper-rounded MuiPaper-elevation1 MuiCard-root css-bhp9pd-MuiPaper-root-MuiCard-root"
          style={
            Object {
              "padding": "1rem",
            }
          }
        >
          <span
            className="MuiSkeleton-root MuiSkeleton-text MuiSkeleton-pulse css-19vxxfm-MuiSkeleton-root"
            style={
              Object {
                "height": undefined,
                "width": undefined,
              }
            }
          />
          <span
            className="MuiSkeleton-root MuiSkeleton-text MuiSkeleton-pulse css-19vxxfm-MuiSkeleton-root"
            style={
              Object {
                "height": undefined,
                "width": undefined,
              }
            }
          />
          <span
            className="MuiSkeleton-root MuiSkeleton-text MuiSkeleton-pulse css-19vxxfm-MuiSkeleton-root"
            style={
              Object {
                "height": undefined,
                "width": undefined,
              }
            }
          />
        </div>
      </div>
      <div
        className="MuiGrid-root MuiGrid-item MuiGrid-grid-xs-8 MuiGrid-grid-md-6 MuiGrid-grid-lg-3 css-guwrxw-MuiGrid-root"
      >
        <div
          className="MuiPaper-root MuiPaper-elevation MuiPaper-rounded MuiPaper-elevation1 MuiCard-root css-bhp9pd-MuiPaper-root-MuiCard-root"
          style={
            Object {
              "padding": "1rem",
            }
          }
        >
          <span
            className="MuiSkeleton-root MuiSkeleton-text MuiSkeleton-pulse css-19vxxfm-MuiSkeleton-root"
            style={
              Object {
                "height": undefined,
                "width": undefined,
              }
            }
          />
          <span
            className="MuiSkeleton-root MuiSkeleton-text MuiSkeleton-pulse css-19vxxfm-MuiSkeleton-root"
            style={
              Object {
                "height": undefined,
                "width": undefined,
              }
            }
          />
          <span
            className="MuiSkeleton-root MuiSkeleton-text MuiSkeleton-pulse css-19vxxfm-MuiSkeleton-root"
            style={
              Object {
                "height": undefined,
                "width": undefined,
              }
            }
          />
        </div>
      </div>
      <div
        className="MuiGrid-root MuiGrid-item MuiGrid-grid-xs-8 MuiGrid-grid-md-6 MuiGrid-grid-lg-3 css-guwrxw-MuiGrid-root"
      >
        <div
          className="MuiPaper-root MuiPaper-elevation MuiPaper-rounded MuiPaper-elevation1 MuiCard-root css-bhp9pd-MuiPaper-root-MuiCard-root"
          style={
            Object {
              "padding": "1rem",
            }
          }
        >
          <span
            className="MuiSkeleton-root MuiSkeleton-text MuiSkeleton-pulse css-19vxxfm-MuiSkeleton-root"
            style={
              Object {
                "height": undefined,
                "width": undefined,
              }
            }
          />
          <span
            className="MuiSkeleton-root MuiSkeleton-text MuiSkeleton-pulse css-19vxxfm-MuiSkeleton-root"
            style={
              Object {
                "height": undefined,
                "width": undefined,
              }
            }
          />
          <span
            className="MuiSkeleton-root MuiSkeleton-text MuiSkeleton-pulse css-19vxxfm-MuiSkeleton-root"
            style={
              Object {
                "height": undefined,
                "width": undefined,
              }
            }
          />
        </div>
      </div>
      <div
        className="MuiGrid-root MuiGrid-item MuiGrid-grid-xs-8 MuiGrid-grid-md-6 MuiGrid-grid-lg-3 css-guwrxw-MuiGrid-root"
      >
        <div
          className="MuiPaper-root MuiPaper-elevation MuiPaper-rounded MuiPaper-elevation1 MuiCard-root css-bhp9pd-MuiPaper-root-MuiCard-root"
          style={
            Object {
              "padding": "1rem",
            }
          }
        >
          <span
            className="MuiSkeleton-root MuiSkeleton-text MuiSkeleton-pulse css-19vxxfm-MuiSkeleton-root"
            style={
              Object {
                "height": undefined,
                "width": undefined,
              }
            }
          />
          <span
            className="MuiSkeleton-root MuiSkeleton-text MuiSkeleton-pulse css-19vxxfm-MuiSkeleton-root"
            style={
              Object {
                "height": undefined,
                "width": undefined,
              }
            }
          />
          <span
            className="MuiSkeleton-root MuiSkeleton-text MuiSkeleton-pulse css-19vxxfm-MuiSkeleton-root"
            style={
              Object {
                "height": undefined,
                "width": undefined,
              }
            }
          />
        </div>
      </div>
      <div
        className="MuiGrid-root MuiGrid-item MuiGrid-grid-xs-8 MuiGrid-grid-md-6 MuiGrid-grid-lg-3 css-guwrxw-MuiGrid-root"
      >
        <div
          className="MuiPaper-root MuiPaper-elevation MuiPaper-rounded MuiPaper-elevation1 MuiCard-root css-bhp9pd-MuiPaper-root-MuiCard-root"
          style={
            Object {
              "padding": "1rem",
            }
          }
        >
          <span
            className="MuiSkeleton-root MuiSkeleton-text MuiSkeleton-pulse css-19vxxfm-MuiSkeleton-root"
            style={
              Object {
                "height": undefined,
                "width": undefined,
              }
            }
          />
          <span
            className="MuiSkeleton-root MuiSkeleton-text MuiSkeleton-pulse css-19vxxfm-MuiSkeleton-root"
            style={
              Object {
                "height": undefined,
                "width": undefined,
              }
            }
          />
          <span
            className="MuiSkeleton-root MuiSkeleton-text MuiSkeleton-pulse css-19vxxfm-MuiSkeleton-root"
            style={
              Object {
                "height": undefined,
                "width": undefined,
              }
            }
          />
        </div>
      </div>
      <div
        className="MuiGrid-root MuiGrid-item MuiGrid-grid-xs-8 MuiGrid-grid-md-6 MuiGrid-grid-lg-3 css-guwrxw-MuiGrid-root"
      >
        <div
          className="MuiPaper-root MuiPaper-elevation MuiPaper-rounded MuiPaper-elevation1 MuiCard-root css-bhp9pd-MuiPaper-root-MuiCard-root"
          style={
            Object {
              "padding": "1rem",
            }
          }
        >
          <span
            className="MuiSkeleton-root MuiSkeleton-text MuiSkeleton-pulse css-19vxxfm-MuiSkeleton-root"
            style={
              Object {
                "height": undefined,
                "width": undefined,
              }
            }
          />
          <span
            className="MuiSkeleton-root MuiSkeleton-text MuiSkeleton-pulse css-19vxxfm-MuiSkeleton-root"
            style={
              Object {
                "height": undefined,
                "width": undefined,
              }
            }
          />
          <span
            className="MuiSkeleton-root MuiSkeleton-text MuiSkeleton-pulse css-19vxxfm-MuiSkeleton-root"
            style={
              Object {
                "height": undefined,
                "width": undefined,
              }
            }
          />
        </div>
      </div>
      <div
        className="MuiGrid-root MuiGrid-item MuiGrid-grid-xs-8 MuiGrid-grid-md-6 MuiGrid-grid-lg-3 css-guwrxw-MuiGrid-root"
      >
        <div
          className="MuiPaper-root MuiPaper-elevation MuiPaper-rounded MuiPaper-elevation1 MuiCard-root css-bhp9pd-MuiPaper-root-MuiCard-root"
          style={
            Object {
              "padding": "1rem",
            }
          }
        >
          <span
            className="MuiSkeleton-root MuiSkeleton-text MuiSkeleton-pulse css-19vxxfm-MuiSkeleton-root"
            style={
              Object {
                "height": undefined,
                "width": undefined,
              }
            }
          />
          <span
            className="MuiSkeleton-root MuiSkeleton-text MuiSkeleton-pulse css-19vxxfm-MuiSkeleton-root"
            style={
              Object {
                "height": undefined,
                "width": undefined,
              }
            }
          />
          <span
            className="MuiSkeleton-root MuiSkeleton-text MuiSkeleton-pulse css-19vxxfm-MuiSkeleton-root"
            style={
              Object {
                "height": undefined,
                "width": undefined,
              }
            }
          />
        </div>
      </div>
      <div
        className="MuiGrid-root MuiGrid-item MuiGrid-grid-xs-8 MuiGrid-grid-md-6 MuiGrid-grid-lg-3 css-guwrxw-MuiGrid-root"
      >
        <div
          className="MuiPaper-root MuiPaper-elevation MuiPaper-rounded MuiPaper-elevation1 MuiCard-root css-bhp9pd-MuiPaper-root-MuiCard-root"
          style={
            Object {
              "padding": "1rem",
            }
          }
        >
          <span
            className="MuiSkeleton-root MuiSkeleton-text MuiSkeleton-pulse css-19vxxfm-MuiSkeleton-root"
            style={
              Object {
                "height": undefined,
                "width": undefined,
              }
            }
          />
          <span
            className="MuiSkeleton-root MuiSkeleton-text MuiSkeleton-pulse css-19vxxfm-MuiSkeleton-root"
            style={
              Object {
                "height": undefined,
                "width": undefined,
              }
            }
          />
          <span
            className="MuiSkeleton-root MuiSkeleton-text MuiSkeleton-pulse css-19vxxfm-MuiSkeleton-root"
            style={
              Object {
                "height": undefined,
                "width": undefined,
              }
            }
          />
        </div>
      </div>
      <div
        className="MuiGrid-root MuiGrid-item MuiGrid-grid-xs-8 MuiGrid-grid-md-6 MuiGrid-grid-lg-3 css-guwrxw-MuiGrid-root"
      >
        <div
          className="MuiPaper-root MuiPaper-elevation MuiPaper-rounded MuiPaper-elevation1 MuiCard-root css-bhp9pd-MuiPaper-root-MuiCard-root"
          style={
            Object {
              "padding": "1rem",
            }
          }
        >
          <span
            className="MuiSkeleton-root MuiSkeleton-text MuiSkeleton-pulse css-19vxxfm-MuiSkeleton-root"
            style={
              Object {
                "height": undefined,
                "width": undefined,
              }
            }
          />
          <span
            className="MuiSkeleton-root MuiSkeleton-text MuiSkeleton-pulse css-19vxxfm-MuiSkeleton-root"
            style={
              Object {
                "height": undefined,
                "width": undefined,
              }
            }
          />
          <span
            className="MuiSkeleton-root MuiSkeleton-text MuiSkeleton-pulse css-19vxxfm-MuiSkeleton-root"
            style={
              Object {
                "height": undefined,
                "width": undefined,
              }
            }
          />
        </div>
      </div>
      <div
        className="MuiGrid-root MuiGrid-item MuiGrid-grid-xs-8 MuiGrid-grid-md-6 MuiGrid-grid-lg-3 css-guwrxw-MuiGrid-root"
      >
        <div
          className="MuiPaper-root MuiPaper-elevation MuiPaper-rounded MuiPaper-elevation1 MuiCard-root css-bhp9pd-MuiPaper-root-MuiCard-root"
          style={
            Object {
              "padding": "1rem",
            }
          }
        >
          <span
            className="MuiSkeleton-root MuiSkeleton-text MuiSkeleton-pulse css-19vxxfm-MuiSkeleton-root"
            style={
              Object {
                "height": undefined,
                "width": undefined,
              }
            }
          />
          <span
            className="MuiSkeleton-root MuiSkeleton-text MuiSkeleton-pulse css-19vxxfm-MuiSkeleton-root"
            style={
              Object {
                "height": undefined,
                "width": undefined,
              }
            }
          />
          <span
            className="MuiSkeleton-root MuiSkeleton-text MuiSkeleton-pulse css-19vxxfm-MuiSkeleton-root"
            style={
              Object {
                "height": undefined,
                "width": undefined,
              }
            }
          />
        </div>
      </div>
      <div
        className="MuiGrid-root MuiGrid-item MuiGrid-grid-xs-8 MuiGrid-grid-md-6 MuiGrid-grid-lg-3 css-guwrxw-MuiGrid-root"
      >
        <div
          className="MuiPaper-root MuiPaper-elevation MuiPaper-rounded MuiPaper-elevation1 MuiCard-root css-bhp9pd-MuiPaper-root-MuiCard-root"
          style={
            Object {
              "padding": "1rem",
            }
          }
        >
          <span
            className="MuiSkeleton-root MuiSkeleton-text MuiSkeleton-pulse css-19vxxfm-MuiSkeleton-root"
            style={
              Object {
                "height": undefined,
                "width": undefined,
              }
            }
          />
          <span
            className="MuiSkeleton-root MuiSkeleton-text MuiSkeleton-pulse css-19vxxfm-MuiSkeleton-root"
            style={
              Object {
                "height": undefined,
                "width": undefined,
              }
            }
          />
          <span
            className="MuiSkeleton-root MuiSkeleton-text MuiSkeleton-pulse css-19vxxfm-MuiSkeleton-root"
            style={
              Object {
                "height": undefined,
                "width": undefined,
              }
            }
          />
        </div>
      </div>
      <div
        className="MuiGrid-root MuiGrid-item MuiGrid-grid-xs-8 MuiGrid-grid-md-6 MuiGrid-grid-lg-3 css-guwrxw-MuiGrid-root"
      >
        <div
          className="MuiPaper-root MuiPaper-elevation MuiPaper-rounded MuiPaper-elevation1 MuiCard-root css-bhp9pd-MuiPaper-root-MuiCard-root"
          style={
            Object {
              "padding": "1rem",
            }
          }
        >
          <span
            className="MuiSkeleton-root MuiSkeleton-text MuiSkeleton-pulse css-19vxxfm-MuiSkeleton-root"
            style={
              Object {
                "height": undefined,
                "width": undefined,
              }
            }
          />
          <span
            className="MuiSkeleton-root MuiSkeleton-text MuiSkeleton-pulse css-19vxxfm-MuiSkeleton-root"
            style={
              Object {
                "height": undefined,
                "width": undefined,
              }
            }
          />
          <span
            className="MuiSkeleton-root MuiSkeleton-text MuiSkeleton-pulse css-19vxxfm-MuiSkeleton-root"
            style={
              Object {
                "height": undefined,
                "width": undefined,
              }
            }
          />
        </div>
      </div>
      <div
        className="MuiGrid-root MuiGrid-item MuiGrid-grid-xs-8 MuiGrid-grid-md-6 MuiGrid-grid-lg-3 css-guwrxw-MuiGrid-root"
      >
        <div
          className="MuiPaper-root MuiPaper-elevation MuiPaper-rounded MuiPaper-elevation1 MuiCard-root css-bhp9pd-MuiPaper-root-MuiCard-root"
          style={
            Object {
              "padding": "1rem",
            }
          }
        >
          <span
            className="MuiSkeleton-root MuiSkeleton-text MuiSkeleton-pulse css-19vxxfm-MuiSkeleton-root"
            style={
              Object {
                "height": undefined,
                "width": undefined,
              }
            }
          />
          <span
            className="MuiSkeleton-root MuiSkeleton-text MuiSkeleton-pulse css-19vxxfm-MuiSkeleton-root"
            style={
              Object {
                "height": undefined,
                "width": undefined,
              }
            }
          />
          <span
            className="MuiSkeleton-root MuiSkeleton-text MuiSkeleton-pulse css-19vxxfm-MuiSkeleton-root"
            style={
              Object {
                "height": undefined,
                "width": undefined,
              }
            }
          />
        </div>
      </div>
      <div
        className="MuiGrid-root MuiGrid-item MuiGrid-grid-xs-8 MuiGrid-grid-md-6 MuiGrid-grid-lg-3 css-guwrxw-MuiGrid-root"
      >
        <div
          className="MuiPaper-root MuiPaper-elevation MuiPaper-rounded MuiPaper-elevation1 MuiCard-root css-bhp9pd-MuiPaper-root-MuiCard-root"
          style={
            Object {
              "padding": "1rem",
            }
          }
        >
          <span
            className="MuiSkeleton-root MuiSkeleton-text MuiSkeleton-pulse css-19vxxfm-MuiSkeleton-root"
            style={
              Object {
                "height": undefined,
                "width": undefined,
              }
            }
          />
          <span
            className="MuiSkeleton-root MuiSkeleton-text MuiSkeleton-pulse css-19vxxfm-MuiSkeleton-root"
            style={
              Object {
                "height": undefined,
                "width": undefined,
              }
            }
          />
          <span
            className="MuiSkeleton-root MuiSkeleton-text MuiSkeleton-pulse css-19vxxfm-MuiSkeleton-root"
            style={
              Object {
                "height": undefined,
                "width": undefined,
              }
            }
          />
        </div>
      </div>
    </div>
    <div
      className="station-page--pagination"
    />
  </div>
</div>
`;
